src/app/admin/layout.tsx(2,23): error TS2307: Cannot find module '../components/auth-guard' or its corresponding type declarations.
src/app/admin/page.tsx(45,20): error TS2345: Argument of type '{ createdAt: any; id: string; }[]' is not assignable to parameter of type 'SetStateAction<never[]>'.
  Type '{ createdAt: any; id: string; }[]' is not assignable to type 'never[]'.
    Type '{ createdAt: any; id: string; }' is not assignable to type 'never'.
src/app/admin/page.tsx(58,50): error TS2339: Property 'status' does not exist on type 'never'.
src/app/admin/page.tsx(59,47): error TS2339: Property 'status' does not exist on type 'never'.
src/app/admin/page.tsx(60,49): error TS2339: Property 'status' does not exist on type 'never'.
src/app/admin/page.tsx(64,37): error TS7006: Parameter 'driverId' implicitly has an 'any' type.
src/app/admin/page.tsx(64,47): error TS7006: Parameter 'newStatus' implicitly has an 'any' type.
src/app/admin/page.tsx(71,18): error TS2345: Argument of type 'any[]' is not assignable to parameter of type 'SetStateAction<never[]>'.
  Type 'any[]' is not assignable to type 'never[]'.
    Type 'any' is not assignable to type 'never'.
src/app/admin/page.tsx(71,50): error TS2339: Property 'id' does not exist on type 'never'.
src/app/admin/page.tsx(71,70): error TS2698: Spread types may only be created from object types.
src/app/admin/page.tsx(97,12): error TS2322: Type '{ children: Element[]; side: "left"; className: string; }' is not assignable to type 'IntrinsicAttributes & SheetContentProps & RefAttributes<any>'.
  Property 'children' does not exist on type 'IntrinsicAttributes & SheetContentProps & RefAttributes<any>'.
src/app/admin/page.tsx(227,45): error TS2339: Property 'id' does not exist on type 'never'.
src/app/admin/page.tsx(228,59): error TS2339: Property 'fullName' does not exist on type 'never'.
src/app/admin/page.tsx(230,41): error TS2339: Property 'carModel' does not exist on type 'never'.
src/app/admin/page.tsx(230,60): error TS2339: Property 'carYear' does not exist on type 'never'.
src/app/admin/page.tsx(235,44): error TS2339: Property 'status' does not exist on type 'never'.
src/app/admin/page.tsx(237,48): error TS2339: Property 'status' does not exist on type 'never'.
src/app/admin/page.tsx(242,43): error TS2339: Property 'status' does not exist on type 'never'.
src/app/admin/page.tsx(244,46): error TS2339: Property 'status' does not exist on type 'never'.
src/app/admin/page.tsx(249,59): error TS2339: Property 'createdAt' does not exist on type 'never'.
src/app/admin/page.tsx(260,45): error TS2339: Property 'status' does not exist on type 'never'.
src/app/admin/page.tsx(262,100): error TS2339: Property 'id' does not exist on type 'never'.
src/app/admin/page.tsx(265,100): error TS2339: Property 'id' does not exist on type 'never'.
src/app/admin/page.tsx(270,45): error TS2339: Property 'status' does not exist on type 'never'.
src/app/admin/page.tsx(271,98): error TS2339: Property 'id' does not exist on type 'never'.
src/app/admin/page.tsx(275,45): error TS2339: Property 'status' does not exist on type 'never'.
src/app/admin/page.tsx(276,98): error TS2339: Property 'id' does not exist on type 'never'.
src/app/cadastro/page.tsx(67,13): error TS7053: Element implicitly has an 'any' type because expression of type 'string' can't be used to index type '{}'.
  No index signature with a parameter of type 'string' was found on type '{}'.
src/app/cadastro/page.tsx(329,38): error TS7006: Parameter 'e' implicitly has an 'any' type.
src/app/cadastro/page.tsx(347,49): error TS7006: Parameter 'value' implicitly has an 'any' type.
src/components/auth-guard.tsx(8,22): error TS2307: Cannot find module '../firebase/config' or its corresponding type declarations.
src/components/theme-provider.tsx(7,8): error TS2307: Cannot find module 'next-themes' or its corresponding type declarations.
src/components/ui/accordion.tsx(4,37): error TS2307: Cannot find module '@radix-ui/react-accordion' or its corresponding type declarations.
src/components/ui/alert-dialog.tsx(4,39): error TS2307: Cannot find module '@radix-ui/react-alert-dialog' or its corresponding type declarations.
src/components/ui/aspect-ratio.tsx(3,39): error TS2307: Cannot find module '@radix-ui/react-aspect-ratio' or its corresponding type declarations.
src/components/ui/avatar.tsx(4,34): error TS2307: Cannot find module '@radix-ui/react-avatar' or its corresponding type declarations.
src/components/ui/calendar.tsx(9,60): error TS2307: Cannot find module 'react-day-picker' or its corresponding type declarations.
src/components/ui/calendar.tsx(39,31): error TS7006: Parameter 'date' implicitly has an 'any' type.
src/components/ui/calendar.tsx(128,18): error TS7031: Binding element 'className' implicitly has an 'any' type.
src/components/ui/calendar.tsx(128,29): error TS7031: Binding element 'rootRef' implicitly has an 'any' type.
src/components/ui/calendar.tsx(138,21): error TS7031: Binding element 'className' implicitly has an 'any' type.
src/components/ui/calendar.tsx(138,32): error TS7031: Binding element 'orientation' implicitly has an 'any' type.
src/components/ui/calendar.tsx(159,24): error TS7031: Binding element 'children' implicitly has an 'any' type.
src/components/ui/chart.tsx(4,36): error TS2307: Cannot find module 'recharts' or its corresponding type declarations.
src/components/ui/chart.tsx(188,25): error TS7006: Parameter 'item' implicitly has an 'any' type.
src/components/ui/chart.tsx(188,31): error TS7006: Parameter 'index' implicitly has an 'any' type.
src/components/ui/chart.tsx(288,23): error TS7006: Parameter 'item' implicitly has an 'any' type.
src/components/ui/checkbox.tsx(4,36): error TS2307: Cannot find module '@radix-ui/react-checkbox' or its corresponding type declarations.
src/components/ui/collapsible.tsx(3,39): error TS2307: Cannot find module '@radix-ui/react-collapsible' or its corresponding type declarations.
src/components/ui/command.tsx(4,34): error TS2307: Cannot find module '@radix-ui/react-dialog' or its corresponding type declarations.
src/components/ui/command.tsx(5,45): error TS2307: Cannot find module 'cmdk' or its corresponding type declarations.
src/components/ui/context-menu.tsx(4,39): error TS2307: Cannot find module '@radix-ui/react-context-menu' or its corresponding type declarations.
src/components/ui/dialog.tsx(4,34): error TS2307: Cannot find module '@radix-ui/react-dialog' or its corresponding type declarations.
src/components/ui/drawer.tsx(4,43): error TS2307: Cannot find module 'vaul' or its corresponding type declarations.
src/components/ui/dropdown-menu.tsx(4,40): error TS2307: Cannot find module '@radix-ui/react-dropdown-menu' or its corresponding type declarations.
src/components/ui/form.tsx(13,8): error TS2307: Cannot find module 'react-hook-form' or its corresponding type declarations.
src/components/ui/hover-card.tsx(4,37): error TS2307: Cannot find module '@radix-ui/react-hover-card' or its corresponding type declarations.
src/components/ui/input-otp.tsx(4,43): error TS2307: Cannot find module 'input-otp' or its corresponding type declarations.
src/components/ui/input-otp.tsx(38,44): error TS18047: 'inputOTPContext' is possibly 'null'.
src/components/ui/input-otp.tsx(38,60): error TS2339: Property 'slots' does not exist on type 'string | number | boolean | ServerContextJSONArray | { [key: string]: ServerContextJSONValue; }'.
  Property 'slots' does not exist on type 'string'.
src/components/ui/menubar.tsx(4,35): error TS2307: Cannot find module '@radix-ui/react-menubar' or its corresponding type declarations.
src/components/ui/navigation-menu.tsx(2,42): error TS2307: Cannot find module '@radix-ui/react-navigation-menu' or its corresponding type declarations.
src/components/ui/popover.tsx(4,35): error TS2307: Cannot find module '@radix-ui/react-popover' or its corresponding type declarations.
src/components/ui/progress.tsx(4,36): error TS2307: Cannot find module '@radix-ui/react-progress' or its corresponding type declarations.
src/components/ui/radio-group.tsx(4,38): error TS2307: Cannot find module '@radix-ui/react-radio-group' or its corresponding type declarations.
src/components/ui/resizable.tsx(4,37): error TS2307: Cannot find module 'react-resizable-panels' or its corresponding type declarations.
src/components/ui/scroll-area.tsx(4,38): error TS2307: Cannot find module '@radix-ui/react-scroll-area' or its corresponding type declarations.
src/components/ui/select.tsx(4,34): error TS2307: Cannot find module '@radix-ui/react-select' or its corresponding type declarations.
src/components/ui/separator.tsx(4,37): error TS2307: Cannot find module '@radix-ui/react-separator' or its corresponding type declarations.
src/components/ui/sheet.tsx(4,33): error TS2307: Cannot find module '@radix-ui/react-dialog' or its corresponding type declarations.
src/components/ui/sheet.tsx(59,22): error TS2339: Property 'className' does not exist on type 'SheetContentProps'.
src/components/ui/sheet.tsx(59,33): error TS2339: Property 'children' does not exist on type 'SheetContentProps'.
src/components/ui/sidebar.tsx(206,12): error TS2322: Type '{ children: Element; "data-sidebar": string; "data-mobile": string; className: string; style: CSSProperties; side: "left" | "right"; }' is not assignable to type 'IntrinsicAttributes & SheetContentProps & RefAttributes<any>'.
  Property 'children' does not exist on type 'IntrinsicAttributes & SheetContentProps & RefAttributes<any>'.
src/components/ui/slider.tsx(4,34): error TS2307: Cannot find module '@radix-ui/react-slider' or its corresponding type declarations.
src/components/ui/sonner.tsx(3,26): error TS2307: Cannot find module 'next-themes' or its corresponding type declarations.
src/components/ui/sonner.tsx(4,35): error TS2307: Cannot find module 'sonner' or its corresponding type declarations.
src/components/ui/switch.tsx(4,35): error TS2307: Cannot find module '@radix-ui/react-switch' or its corresponding type declarations.
src/components/ui/tabs.tsx(4,32): error TS2307: Cannot find module '@radix-ui/react-tabs' or its corresponding type declarations.
src/components/ui/toast.tsx(4,34): error TS2307: Cannot find module '@radix-ui/react-toast' or its corresponding type declarations.
src/components/ui/toggle-group.tsx(4,39): error TS2307: Cannot find module '@radix-ui/react-toggle-group' or its corresponding type declarations.
src/components/ui/toggle.tsx(4,34): error TS2307: Cannot find module '@radix-ui/react-toggle' or its corresponding type declarations.
src/components/ui/tooltip.tsx(4,35): error TS2307: Cannot find module '@radix-ui/react-tooltip' or its corresponding type declarations.
src/components/ui/use-toast.ts(158,22): error TS7006: Parameter 'open' implicitly has an 'any' type.
src/components/vehicle-category-carousel.tsx(290,29): error TS2339: Property 'highlight' does not exist on type '{ name: string; year: string; image: string; available: boolean; price: string; features: string[]; badge?: undefined; } | { name: string; year: string; image: string; available: boolean; price: string; features: string[]; badge: string; }'.
  Property 'highlight' does not exist on type '{ name: string; year: string; image: string; available: boolean; price: string; features: string[]; badge?: undefined; }'.
